// Vitest Snapshot v1, https://vitest.dev/guide/snapshot.html

exports[`capability catalog > matches the reviewed snapshot (tool surface, vocabulary, constraints) 1`] = `
{
  "caseDataShapes": [
    "text",
    "int",
    "decimal",
    "date",
    "time",
    "datetime",
    "single_select",
    "multi_select",
    "geopoint",
  ],
  "catalogDigest": "21c2791c2a2708f63522d66013dc9b9665661964c8c7ab616d3e6e21b555cbf5",
  "constraintCodes": [
    "PREVIEW_AUTOMATIONS_NOT_EXECUTED",
    "AUTOMATION_HQ_MANUAL_SETUP",
    "HQ_BUILD_RELEASE_NOT_API_DRIVEN",
    "WORKER_SCHEMA_AND_ROLES_NOT_PUSHED",
    "LOCATION_OWNER_EXPORT_CLOSED",
    "CASE_SEARCH_IS_LIVE_AND_ONLINE",
    "CASE_STATUS_IS_OPEN_OR_CLOSED",
    "CASE_UPDATES_ARE_NOT_COMPARE_AND_SET",
    "SINGLE_DIRECT_CASE_WRITE_PER_FIELD",
    "STANDARD_SCALAR_WRITERS_LIMITED",
    "CASE_NAME_REQUIRED_ON_CREATE",
    "REGISTRATION_CREATE_IS_UNCONDITIONAL",
    "RESERVED_CASE_IDENTIFIERS_REJECTED",
    "CASE_WRITE_TARGETS_MODULE_LINEAGE",
    "CASE_PROPERTY_CLEAR_UNAVAILABLE",
    "CASE_BOUND_UPDATE_INPUTS_EDIT_CURRENT_VALUES",
    "DISPLAY_CONDITIONS_ARE_UX_NOT_ACCESS",
    "ON_DEVICE_DATE_ADD_FIXED_DURATION_ONLY",
    "GAP_APP_SETUP_UI",
    "GAP_FORM_LINKS_AND_SECTIONS",
    "GAP_NESTED_MENUS",
    "GAP_SESSION_ENDPOINTS_DEEP_LINKS",
    "GAP_MULTI_SELECT_RELATED_CASES",
  ],
  "fieldKinds": [
    "text",
    "int",
    "decimal",
    "date",
    "time",
    "datetime",
    "single_select",
    "multi_select",
    "geopoint",
    "image",
    "audio",
    "video",
    "file",
    "barcode",
    "signature",
    "label",
    "hidden",
    "secret",
    "group",
    "repeat",
  ],
  "toolSurface": [
    {
      "effect": "mutate-blueprint",
      "mcpName": "add_automations",
      "saName": "addAutomations",
      "staging": "allowed",
    },
    {
      "effect": "mutate-blueprint",
      "mcpName": "add_case_list_columns",
      "saName": "addCaseListColumns",
      "staging": "allowed",
    },
    {
      "effect": "mutate-blueprint",
      "mcpName": "add_case_operations",
      "saName": "addCaseOperations",
      "staging": "allowed",
    },
    {
      "effect": "mutate-blueprint",
      "mcpName": "add_fields",
      "saName": "addFields",
      "staging": "allowed",
    },
    {
      "effect": "mutate-blueprint",
      "mcpName": "add_language",
      "saName": "addLanguage",
      "staging": "allowed",
    },
    {
      "effect": "mutate-blueprint",
      "mcpName": "add_location_properties",
      "saName": "addLocationProperties",
      "staging": "allowed",
    },
    {
      "effect": "mutate-blueprint",
      "mcpName": "add_organization_levels",
      "saName": "addOrganizationLevels",
      "staging": "allowed",
    },
    {
      "effect": "mutate-blueprint",
      "mcpName": "add_personas",
      "saName": "addPersonas",
      "staging": "allowed",
    },
    {
      "effect": "mutate-blueprint",
      "mcpName": "add_search_inputs",
      "saName": "addSearchInputs",
      "staging": "allowed",
    },
    {
      "effect": "mutate-blueprint",
      "mcpName": "add_user_properties",
      "saName": "addUserProperties",
      "staging": "allowed",
    },
    {
      "effect": "mutate-blueprint",
      "mcpName": "add_user_types",
      "saName": "addUserTypes",
      "staging": "allowed",
    },
    {
      "effect": "mutate-blueprint",
      "mcpName": "attach_field_media",
      "saName": "attachFieldMedia",
      "staging": "allowed",
    },
    {
      "effect": "mutate-blueprint",
      "mcpName": "attach_option_media",
      "saName": "attachOptionMedia",
      "staging": "allowed",
    },
    {
      "effect": "mutate-blueprint",
      "mcpName": "configure_case_list",
      "saName": "configureCaseList",
      "staging": "allowed",
    },
    {
      "effect": "mutate-blueprint",
      "mcpName": "configure_connect",
      "saName": "configureConnect",
      "staging": "allowed",
    },
    {
      "effect": "mutate-blueprint",
      "mcpName": "create_form",
      "saName": "createForm",
      "staging": "allowed",
    },
    {
      "effect": "mutate-external",
      "mcpName": "create_location",
      "saName": "createLocation",
      "staging": "forbidden",
    },
    {
      "effect": "mutate-blueprint",
      "mcpName": "create_module",
      "saName": "createModule",
      "staging": "allowed",
    },
    {
      "effect": "mutate-blueprint",
      "mcpName": "edit_field",
      "saName": "editField",
      "staging": "allowed",
    },
    {
      "effect": "mutate-blueprint",
      "mcpName": "generate_schema",
      "saName": "generateSchema",
      "staging": "allowed",
    },
    {
      "effect": "read-blueprint",
      "mcpName": "get_automations",
      "saName": "getAutomations",
      "staging": "allowed",
    },
    {
      "effect": "read-blueprint",
      "mcpName": "get_case_operations",
      "saName": "getCaseOperations",
      "staging": "allowed",
    },
    {
      "effect": "read-blueprint",
      "mcpName": "get_field",
      "saName": "getField",
      "staging": "allowed",
    },
    {
      "effect": "read-blueprint",
      "mcpName": "get_form",
      "saName": "getForm",
      "staging": "allowed",
    },
    {
      "effect": "read-blueprint",
      "mcpName": "get_languages",
      "saName": "getLanguages",
      "staging": "allowed",
    },
    {
      "effect": "read-blueprint",
      "mcpName": "get_lookup_tables",
      "saName": "getLookupTables",
      "staging": "allowed",
    },
    {
      "effect": "read-blueprint",
      "mcpName": "get_module",
      "saName": "getModule",
      "staging": "allowed",
    },
    {
      "effect": "read-blueprint",
      "mcpName": "get_organization",
      "saName": "getOrganization",
      "staging": "allowed",
    },
    {
      "effect": "read-blueprint",
      "mcpName": "get_translatable_content",
      "saName": "getTranslatableContent",
      "staging": "allowed",
    },
    {
      "effect": "read-blueprint",
      "mcpName": "get_users",
      "saName": "getUsers",
      "staging": "allowed",
    },
    {
      "effect": "read-blueprint",
      "mcpName": "list_media_assets",
      "saName": "listMediaAssets",
      "staging": "allowed",
    },
    {
      "effect": "mutate-blueprint",
      "mcpName": "move_case_operation",
      "saName": "moveCaseOperation",
      "staging": "allowed",
    },
    {
      "effect": "mutate-blueprint",
      "mcpName": "move_field",
      "saName": "moveField",
      "staging": "allowed",
    },
    {
      "effect": "mutate-external",
      "mcpName": "move_location",
      "saName": "moveLocation",
      "staging": "forbidden",
    },
    {
      "effect": "mutate-blueprint",
      "mcpName": "move_module",
      "saName": "moveModule",
      "staging": "allowed",
    },
    {
      "effect": "mutate-blueprint",
      "mcpName": "remove_automation",
      "saName": "removeAutomation",
      "staging": "allowed",
    },
    {
      "effect": "mutate-blueprint",
      "mcpName": "remove_case_list_column",
      "saName": "removeCaseListColumn",
      "staging": "allowed",
    },
    {
      "effect": "mutate-blueprint",
      "mcpName": "remove_case_operation",
      "saName": "removeCaseOperation",
      "staging": "allowed",
    },
    {
      "effect": "mutate-blueprint",
      "mcpName": "remove_field",
      "saName": "removeField",
      "staging": "allowed",
    },
    {
      "effect": "mutate-blueprint",
      "mcpName": "remove_form",
      "saName": "removeForm",
      "staging": "allowed",
    },
    {
      "effect": "mutate-blueprint",
      "mcpName": "remove_language",
      "saName": "removeLanguage",
      "staging": "allowed",
    },
    {
      "effect": "mutate-blueprint",
      "mcpName": "remove_location_property",
      "saName": "removeLocationProperty",
      "staging": "allowed",
    },
    {
      "effect": "mutate-external",
      "mcpName": "remove_media_asset",
      "saName": "removeMediaAsset",
      "staging": "forbidden",
    },
    {
      "effect": "mutate-blueprint",
      "mcpName": "remove_module",
      "saName": "removeModule",
      "staging": "allowed",
    },
    {
      "effect": "mutate-blueprint",
      "mcpName": "remove_organization_level",
      "saName": "removeOrganizationLevel",
      "staging": "allowed",
    },
    {
      "effect": "mutate-blueprint",
      "mcpName": "remove_persona",
      "saName": "removePersona",
      "staging": "allowed",
    },
    {
      "effect": "mutate-blueprint",
      "mcpName": "remove_search_input",
      "saName": "removeSearchInput",
      "staging": "allowed",
    },
    {
      "effect": "mutate-blueprint",
      "mcpName": "remove_user_property",
      "saName": "removeUserProperty",
      "staging": "allowed",
    },
    {
      "effect": "mutate-blueprint",
      "mcpName": "remove_user_type",
      "saName": "removeUserType",
      "staging": "allowed",
    },
    {
      "effect": "mutate-blueprint",
      "mcpName": "rename_case_properties",
      "saName": "renameCaseProperties",
      "staging": "exclusive",
    },
    {
      "effect": "mutate-blueprint",
      "mcpName": "reorder_case_list_columns",
      "saName": "reorderCaseListColumns",
      "staging": "allowed",
    },
    {
      "effect": "mutate-blueprint",
      "mcpName": "reorder_search_inputs",
      "saName": "reorderSearchInputs",
      "staging": "allowed",
    },
    {
      "effect": "read-blueprint",
      "mcpName": "search_blueprint",
      "saName": "searchBlueprint",
      "staging": "allowed",
    },
    {
      "effect": "mutate-blueprint",
      "mcpName": "set_app_logo",
      "saName": "setAppLogo",
      "staging": "allowed",
    },
    {
      "effect": "mutate-blueprint",
      "mcpName": "set_case_list_filter",
      "saName": "setCaseListFilter",
      "staging": "allowed",
    },
    {
      "effect": "mutate-blueprint",
      "mcpName": "set_case_list_tile",
      "saName": "setCaseListTile",
      "staging": "allowed",
    },
    {
      "effect": "mutate-blueprint",
      "mcpName": "set_case_search_advanced",
      "saName": "setCaseSearchAdvanced",
      "staging": "allowed",
    },
    {
      "effect": "mutate-blueprint",
      "mcpName": "set_case_search_display",
      "saName": "setCaseSearchDisplay",
      "staging": "allowed",
    },
    {
      "effect": "mutate-blueprint",
      "mcpName": "set_field_options_source",
      "saName": "setFieldOptionsSource",
      "staging": "allowed",
    },
    {
      "effect": "mixed-transaction",
      "mcpName": "set_location_archived",
      "saName": "setLocationArchived",
      "staging": "forbidden",
    },
    {
      "effect": "mutate-blueprint",
      "mcpName": "set_menu_media",
      "saName": "setMenuMedia",
      "staging": "allowed",
    },
    {
      "effect": "mutate-blueprint",
      "mcpName": "update_app",
      "saName": "updateApp",
      "staging": "allowed",
    },
    {
      "effect": "mutate-blueprint",
      "mcpName": "update_automation",
      "saName": "updateAutomation",
      "staging": "allowed",
    },
    {
      "effect": "mutate-blueprint",
      "mcpName": "update_case_list_column",
      "saName": "updateCaseListColumn",
      "staging": "allowed",
    },
    {
      "effect": "mutate-blueprint",
      "mcpName": "update_case_operation",
      "saName": "updateCaseOperation",
      "staging": "allowed",
    },
    {
      "effect": "mutate-blueprint",
      "mcpName": "update_form",
      "saName": "updateForm",
      "staging": "allowed",
    },
    {
      "effect": "mutate-blueprint",
      "mcpName": "update_language",
      "saName": "updateLanguage",
      "staging": "allowed",
    },
    {
      "effect": "mutate-external",
      "mcpName": "update_location",
      "saName": "updateLocation",
      "staging": "forbidden",
    },
    {
      "effect": "mutate-blueprint",
      "mcpName": "update_location_property",
      "saName": "updateLocationProperty",
      "staging": "allowed",
    },
    {
      "effect": "mutate-blueprint",
      "mcpName": "update_module",
      "saName": "updateModule",
      "staging": "allowed",
    },
    {
      "effect": "mutate-blueprint",
      "mcpName": "update_organization_level",
      "saName": "updateOrganizationLevel",
      "staging": "allowed",
    },
    {
      "effect": "mutate-blueprint",
      "mcpName": "update_persona",
      "saName": "updatePersona",
      "staging": "allowed",
    },
    {
      "effect": "mutate-blueprint",
      "mcpName": "update_search_input",
      "saName": "updateSearchInput",
      "staging": "allowed",
    },
    {
      "effect": "mutate-blueprint",
      "mcpName": "update_translations",
      "saName": "updateTranslations",
      "staging": "allowed",
    },
    {
      "effect": "mutate-blueprint",
      "mcpName": "update_user_property",
      "saName": "updateUserProperty",
      "staging": "allowed",
    },
    {
      "effect": "mutate-blueprint",
      "mcpName": "update_user_type",
      "saName": "updateUserType",
      "staging": "allowed",
    },
  ],
}
`;
